// Jest Snapshot v1, https://goo.gl/fbAQLP

exports[`Snapshot 1`] = `
Object {
  "Resources": Object {
    "pipelinePipeline4163A4B1": Object {
      "DependsOn": Array [
        "pipelinePipelineRoleDefaultPolicy16010F3E",
        "pipelinePipelineRole7016E5DF",
      ],
      "Properties": Object {
        "ArtifactStore": Object {
          "EncryptionKey": Object {
            "Id": Object {
              "Fn::GetAtt": Array [
                "pipelinePipelineArtifactsBucketEncryptionKey56EE9D50",
                "Arn",
              ],
            },
            "Type": "KMS",
          },
          "Location": Object {
            "Ref": "pipelinePipelineArtifactsBucketC2CD5B5E",
          },
          "Type": "S3",
        },
        "Name": "esb-pipeline",
        "RestartExecutionOnUpdate": true,
        "RoleArn": Object {
          "Fn::GetAtt": Array [
            "pipelinePipelineRole7016E5DF",
            "Arn",
          ],
        },
        "Stages": Array [
          Object {
            "Actions": Array [
              Object {
                "ActionTypeId": Object {
                  "Category": "Source",
                  "Owner": "AWS",
                  "Provider": "CodeStarSourceConnection",
                  "Version": "1",
                },
                "Configuration": Object {
                  "BranchName": "main",
                  "ConnectionArn": "arn:aws:codestar-connections:eu-west-1:418648875085:connection/4f647929-c982-4f30-94f4-24ff7dbf9766",
                  "FullRepositoryId": "GemeenteNijmegen/esb-queue",
                },
                "Name": "GemeenteNijmegen_esb-queue",
                "OutputArtifacts": Array [
                  Object {
                    "Name": "GemeenteNijmegen_esb_queue_Source",
                  },
                ],
                "RoleArn": Object {
                  "Fn::GetAtt": Array [
                    "pipelinePipelineSourceGemeenteNijmegenesbqueueCodePipelineActionRoleEA872778",
                    "Arn",
                  ],
                },
                "RunOrder": 1,
              },
            ],
            "Name": "Source",
          },
          Object {
            "Actions": Array [
              Object {
                "ActionTypeId": Object {
                  "Category": "Build",
                  "Owner": "AWS",
                  "Provider": "CodeBuild",
                  "Version": "1",
                },
                "Configuration": Object {
                  "EnvironmentVariables": "[{\\"name\\":\\"_PROJECT_CONFIG_HASH\\",\\"type\\":\\"PLAINTEXT\\",\\"value\\":\\"d51caabd0e26116c058f595b6ea1a2c641ef665e73b32f4b4aa960b36bf0ac73\\"}]",
                  "ProjectName": Object {
                    "Ref": "pipelinePipelineBuildSynthCdkBuildProject4237770A",
                  },
                },
                "InputArtifacts": Array [
                  Object {
                    "Name": "GemeenteNijmegen_esb_queue_Source",
                  },
                ],
                "Name": "Synth",
                "OutputArtifacts": Array [
                  Object {
                    "Name": "Synth_Output",
                  },
                ],
                "RoleArn": Object {
                  "Fn::GetAtt": Array [
                    "pipelinePipelineBuildSynthCodePipelineActionRoleD2261161",
                    "Arn",
                  ],
                },
                "RunOrder": 1,
              },
            ],
            "Name": "Build",
          },
          Object {
            "Actions": Array [
              Object {
                "ActionTypeId": Object {
                  "Category": "Build",
                  "Owner": "AWS",
                  "Provider": "CodeBuild",
                  "Version": "1",
                },
                "Configuration": Object {
                  "EnvironmentVariables": "[{\\"name\\":\\"_PROJECT_CONFIG_HASH\\",\\"type\\":\\"PLAINTEXT\\",\\"value\\":\\"86c14b0ad9d76ef80c52497e51b2905558226fe48e2a6adefb9c0a985972fbe1\\"}]",
                  "ProjectName": Object {
                    "Ref": "pipelineUpdatePipelineSelfMutation14A96D2F",
                  },
                },
                "InputArtifacts": Array [
                  Object {
                    "Name": "Synth_Output",
                  },
                ],
                "Name": "SelfMutate",
                "RoleArn": Object {
                  "Fn::GetAtt": Array [
                    "pipelinePipelineUpdatePipelineSelfMutateCodePipelineActionRole616B0B5B",
                    "Arn",
                  ],
                },
                "RunOrder": 1,
              },
            ],
            "Name": "UpdatePipeline",
          },
          Object {
            "Actions": Array [
              Object {
                "ActionTypeId": Object {
                  "Category": "Deploy",
                  "Owner": "AWS",
                  "Provider": "CloudFormation",
                  "Version": "1",
                },
                "Configuration": Object {
                  "ActionMode": "CHANGE_SET_REPLACE",
                  "Capabilities": "CAPABILITY_NAMED_IAM,CAPABILITY_AUTO_EXPAND",
                  "ChangeSetName": "PipelineChange",
                  "RoleArn": Object {
                    "Fn::GetAtt": Array [
                      "pipelinePipelineesbAcceptanceesbGenericServicesPrepareRole6FCD2C4A",
                      "Arn",
                    ],
                  },
                  "StackName": "esbAcceptance-esbGenericServices",
                  "TemplateConfiguration": "Synth_Output::assembly-test-esbAcceptance/esbAcceptance-esbGenericServices.template.json.config.json",
                  "TemplatePath": "Synth_Output::assembly-test-esbAcceptance/esbAcceptance-esbGenericServices.template.json",
                },
                "InputArtifacts": Array [
                  Object {
                    "Name": "Synth_Output",
                  },
                ],
                "Name": "esbGenericServices.Prepare",
                "RoleArn": Object {
                  "Fn::GetAtt": Array [
                    "pipelinePipelineesbAcceptanceesbGenericServicesPrepareCodePipelineActionRoleDC792806",
                    "Arn",
                  ],
                },
                "RunOrder": 1,
              },
              Object {
                "ActionTypeId": Object {
                  "Category": "Deploy",
                  "Owner": "AWS",
                  "Provider": "CloudFormation",
                  "Version": "1",
                },
                "Configuration": Object {
                  "ActionMode": "CHANGE_SET_EXECUTE",
                  "ChangeSetName": "PipelineChange",
                  "StackName": "esbAcceptance-esbGenericServices",
                },
                "Name": "esbGenericServices.Deploy",
                "RoleArn": Object {
                  "Fn::GetAtt": Array [
                    "pipelinePipelineesbAcceptanceesbGenericServicesDeployCodePipelineActionRole84420AB2",
                    "Arn",
                  ],
                },
                "RunOrder": 2,
              },
              Object {
                "ActionTypeId": Object {
                  "Category": "Deploy",
                  "Owner": "AWS",
                  "Provider": "CloudFormation",
                  "Version": "1",
                },
                "Configuration": Object {
                  "ActionMode": "CHANGE_SET_REPLACE",
                  "Capabilities": "CAPABILITY_NAMED_IAM,CAPABILITY_AUTO_EXPAND",
                  "ChangeSetName": "PipelineChange",
                  "RoleArn": Object {
                    "Fn::GetAtt": Array [
                      "pipelinePipelineesbAcceptanceesbIamPrepareRole79CE6E3D",
                      "Arn",
                    ],
                  },
                  "StackName": "esbAcceptance-esbIam",
                  "TemplateConfiguration": "Synth_Output::assembly-test-esbAcceptance/esbAcceptance-esbIam.template.json.config.json",
                  "TemplatePath": "Synth_Output::assembly-test-esbAcceptance/esbAcceptance-esbIam.template.json",
                },
                "InputArtifacts": Array [
                  Object {
                    "Name": "Synth_Output",
                  },
                ],
                "Name": "esbIam.Prepare",
                "RoleArn": Object {
                  "Fn::GetAtt": Array [
                    "pipelinePipelineesbAcceptanceesbIamPrepareCodePipelineActionRole680C1378",
                    "Arn",
                  ],
                },
                "RunOrder": 3,
              },
              Object {
                "ActionTypeId": Object {
                  "Category": "Deploy",
                  "Owner": "AWS",
                  "Provider": "CloudFormation",
                  "Version": "1",
                },
                "Configuration": Object {
                  "ActionMode": "CHANGE_SET_EXECUTE",
                  "ChangeSetName": "PipelineChange",
                  "StackName": "esbAcceptance-esbIam",
                },
                "Name": "esbIam.Deploy",
                "RoleArn": Object {
                  "Fn::GetAtt": Array [
                    "pipelinePipelineesbAcceptanceesbIamDeployCodePipelineActionRoleE736C935",
                    "Arn",
                  ],
                },
                "RunOrder": 4,
              },
            ],
            "Name": "esbAcceptance",
          },
          Object {
            "Actions": Array [
              Object {
                "ActionTypeId": Object {
                  "Category": "Deploy",
                  "Owner": "AWS",
                  "Provider": "CloudFormation",
                  "Version": "1",
                },
                "Configuration": Object {
                  "ActionMode": "CHANGE_SET_REPLACE",
                  "Capabilities": "CAPABILITY_NAMED_IAM,CAPABILITY_AUTO_EXPAND",
                  "ChangeSetName": "PipelineChange",
                  "RoleArn": Object {
                    "Fn::GetAtt": Array [
                      "pipelinePipelineesbProductionesbGenericServicesPrepareRoleE11315B7",
                      "Arn",
                    ],
                  },
                  "StackName": "esbProduction-esbGenericServices",
                  "TemplateConfiguration": "Synth_Output::assembly-test-esbProduction/esbProduction-esbGenericServices.template.json.config.json",
                  "TemplatePath": "Synth_Output::assembly-test-esbProduction/esbProduction-esbGenericServices.template.json",
                },
                "InputArtifacts": Array [
                  Object {
                    "Name": "Synth_Output",
                  },
                ],
                "Name": "esbGenericServices.Prepare",
                "RoleArn": Object {
                  "Fn::GetAtt": Array [
                    "pipelinePipelineesbProductionesbGenericServicesPrepareCodePipelineActionRole1654FA18",
                    "Arn",
                  ],
                },
                "RunOrder": 1,
              },
              Object {
                "ActionTypeId": Object {
                  "Category": "Deploy",
                  "Owner": "AWS",
                  "Provider": "CloudFormation",
                  "Version": "1",
                },
                "Configuration": Object {
                  "ActionMode": "CHANGE_SET_EXECUTE",
                  "ChangeSetName": "PipelineChange",
                  "StackName": "esbProduction-esbGenericServices",
                },
                "Name": "esbGenericServices.Deploy",
                "RoleArn": Object {
                  "Fn::GetAtt": Array [
                    "pipelinePipelineesbProductionesbGenericServicesDeployCodePipelineActionRole93ADF9CD",
                    "Arn",
                  ],
                },
                "RunOrder": 2,
              },
              Object {
                "ActionTypeId": Object {
                  "Category": "Deploy",
                  "Owner": "AWS",
                  "Provider": "CloudFormation",
                  "Version": "1",
                },
                "Configuration": Object {
                  "ActionMode": "CHANGE_SET_REPLACE",
                  "Capabilities": "CAPABILITY_NAMED_IAM,CAPABILITY_AUTO_EXPAND",
                  "ChangeSetName": "PipelineChange",
                  "RoleArn": Object {
                    "Fn::GetAtt": Array [
                      "pipelinePipelineesbProductionesbIamPrepareRoleA6BE7FA9",
                      "Arn",
                    ],
                  },
                  "StackName": "esbProduction-esbIam",
                  "TemplateConfiguration": "Synth_Output::assembly-test-esbProduction/esbProduction-esbIam.template.json.config.json",
                  "TemplatePath": "Synth_Output::assembly-test-esbProduction/esbProduction-esbIam.template.json",
                },
                "InputArtifacts": Array [
                  Object {
                    "Name": "Synth_Output",
                  },
                ],
                "Name": "esbIam.Prepare",
                "RoleArn": Object {
                  "Fn::GetAtt": Array [
                    "pipelinePipelineesbProductionesbIamPrepareCodePipelineActionRole8CD7854C",
                    "Arn",
                  ],
                },
                "RunOrder": 3,
              },
              Object {
                "ActionTypeId": Object {
                  "Category": "Deploy",
                  "Owner": "AWS",
                  "Provider": "CloudFormation",
                  "Version": "1",
                },
                "Configuration": Object {
                  "ActionMode": "CHANGE_SET_EXECUTE",
                  "ChangeSetName": "PipelineChange",
                  "StackName": "esbProduction-esbIam",
                },
                "Name": "esbIam.Deploy",
                "RoleArn": Object {
                  "Fn::GetAtt": Array [
                    "pipelinePipelineesbProductionesbIamDeployCodePipelineActionRole4255D8F9",
                    "Arn",
                  ],
                },
                "RunOrder": 4,
              },
            ],
            "Name": "esbProduction",
          },
        ],
        "Tags": Array [
          Object {
            "Key": "cdkManaged",
            "Value": "yes",
          },
          Object {
            "Key": "project",
            "Value": "esb",
          },
        ],
      },
      "Type": "AWS::CodePipeline::Pipeline",
    },
    "pipelinePipelineArtifactsBucketC2CD5B5E": Object {
      "DeletionPolicy": "Retain",
      "Properties": Object {
        "BucketEncryption": Object {
          "ServerSideEncryptionConfiguration": Array [
            Object {
              "ServerSideEncryptionByDefault": Object {
                "KMSMasterKeyID": Object {
                  "Fn::GetAtt": Array [
                    "pipelinePipelineArtifactsBucketEncryptionKey56EE9D50",
                    "Arn",
                  ],
                },
                "SSEAlgorithm": "aws:kms",
              },
            },
          ],
        },
        "PublicAccessBlockConfiguration": Object {
          "BlockPublicAcls": true,
          "BlockPublicPolicy": true,
          "IgnorePublicAcls": true,
          "RestrictPublicBuckets": true,
        },
        "Tags": Array [
          Object {
            "Key": "cdkManaged",
            "Value": "yes",
          },
          Object {
            "Key": "project",
            "Value": "esb",
          },
        ],
      },
      "Type": "AWS::S3::Bucket",
      "UpdateReplacePolicy": "Retain",
    },
    "pipelinePipelineArtifactsBucketEncryptionKey56EE9D50": Object {
      "DeletionPolicy": "Delete",
      "Properties": Object {
        "KeyPolicy": Object {
          "Statement": Array [
            Object {
              "Action": Array [
                "kms:Create*",
                "kms:Describe*",
                "kms:Enable*",
                "kms:List*",
                "kms:Put*",
                "kms:Update*",
                "kms:Revoke*",
                "kms:Disable*",
                "kms:Get*",
                "kms:Delete*",
                "kms:ScheduleKeyDeletion",
                "kms:CancelKeyDeletion",
                "kms:GenerateDataKey",
                "kms:TagResource",
                "kms:UntagResource",
              ],
              "Effect": "Allow",
              "Principal": Object {
                "AWS": Object {
                  "Fn::Join": Array [
                    "",
                    Array [
                      "arn:",
                      Object {
                        "Ref": "AWS::Partition",
                      },
                      ":iam::418648875085:root",
                    ],
                  ],
                },
              },
              "Resource": "*",
            },
            Object {
              "Action": Array [
                "kms:Decrypt",
                "kms:DescribeKey",
                "kms:Encrypt",
                "kms:ReEncrypt*",
                "kms:GenerateDataKey*",
              ],
              "Effect": "Allow",
              "Principal": Object {
                "AWS": Object {
                  "Fn::GetAtt": Array [
                    "pipelinePipelineRole7016E5DF",
                    "Arn",
                  ],
                },
              },
              "Resource": "*",
            },
            Object {
              "Action": Array [
                "kms:Decrypt",
                "kms:DescribeKey",
                "kms:Encrypt",
                "kms:ReEncrypt*",
                "kms:GenerateDataKey*",
              ],
              "Effect": "Allow",
              "Principal": Object {
                "AWS": Object {
                  "Fn::GetAtt": Array [
                    "pipelinePipelineSourceGemeenteNijmegenesbqueueCodePipelineActionRoleEA872778",
                    "Arn",
                  ],
                },
              },
              "Resource": "*",
            },
            Object {
              "Action": Array [
                "kms:Decrypt",
                "kms:DescribeKey",
                "kms:Encrypt",
                "kms:ReEncrypt*",
                "kms:GenerateDataKey*",
              ],
              "Effect": "Allow",
              "Principal": Object {
                "AWS": Object {
                  "Fn::GetAtt": Array [
                    "pipelinePipelineBuildSynthCdkBuildProjectRole0C39D18F",
                    "Arn",
                  ],
                },
              },
              "Resource": "*",
            },
            Object {
              "Action": Array [
                "kms:Decrypt",
                "kms:Encrypt",
                "kms:ReEncrypt*",
                "kms:GenerateDataKey*",
              ],
              "Effect": "Allow",
              "Principal": Object {
                "AWS": Object {
                  "Fn::GetAtt": Array [
                    "pipelinePipelineBuildSynthCdkBuildProjectRole0C39D18F",
                    "Arn",
                  ],
                },
              },
              "Resource": "*",
            },
            Object {
              "Action": Array [
                "kms:Decrypt",
                "kms:DescribeKey",
              ],
              "Effect": "Allow",
              "Principal": Object {
                "AWS": Object {
                  "Fn::GetAtt": Array [
                    "pipelineUpdatePipelineSelfMutationRole91820177",
                    "Arn",
                  ],
                },
              },
              "Resource": "*",
            },
            Object {
              "Action": Array [
                "kms:Decrypt",
                "kms:Encrypt",
                "kms:ReEncrypt*",
                "kms:GenerateDataKey*",
              ],
              "Effect": "Allow",
              "Principal": Object {
                "AWS": Object {
                  "Fn::GetAtt": Array [
                    "pipelineUpdatePipelineSelfMutationRole91820177",
                    "Arn",
                  ],
                },
              },
              "Resource": "*",
            },
            Object {
              "Action": Array [
                "kms:Decrypt",
                "kms:DescribeKey",
              ],
              "Effect": "Allow",
              "Principal": Object {
                "AWS": Object {
                  "Fn::GetAtt": Array [
                    "pipelinePipelineesbAcceptanceesbGenericServicesPrepareRole6FCD2C4A",
                    "Arn",
                  ],
                },
              },
              "Resource": "*",
            },
            Object {
              "Action": Array [
                "kms:Decrypt",
                "kms:DescribeKey",
              ],
              "Effect": "Allow",
              "Principal": Object {
                "AWS": Object {
                  "Fn::GetAtt": Array [
                    "pipelinePipelineesbAcceptanceesbGenericServicesPrepareCodePipelineActionRoleDC792806",
                    "Arn",
                  ],
                },
              },
              "Resource": "*",
            },
            Object {
              "Action": Array [
                "kms:Decrypt",
                "kms:DescribeKey",
              ],
              "Effect": "Allow",
              "Principal": Object {
                "AWS": Object {
                  "Fn::GetAtt": Array [
                    "pipelinePipelineesbAcceptanceesbIamPrepareRole79CE6E3D",
                    "Arn",
                  ],
                },
              },
              "Resource": "*",
            },
            Object {
              "Action": Array [
                "kms:Decrypt",
                "kms:DescribeKey",
              ],
              "Effect": "Allow",
              "Principal": Object {
                "AWS": Object {
                  "Fn::GetAtt": Array [
                    "pipelinePipelineesbAcceptanceesbIamPrepareCodePipelineActionRole680C1378",
                    "Arn",
                  ],
                },
              },
              "Resource": "*",
            },
            Object {
              "Action": Array [
                "kms:Decrypt",
                "kms:DescribeKey",
              ],
              "Effect": "Allow",
              "Principal": Object {
                "AWS": Object {
                  "Fn::GetAtt": Array [
                    "pipelinePipelineesbProductionesbGenericServicesPrepareRoleE11315B7",
                    "Arn",
                  ],
                },
              },
              "Resource": "*",
            },
            Object {
              "Action": Array [
                "kms:Decrypt",
                "kms:DescribeKey",
              ],
              "Effect": "Allow",
              "Principal": Object {
                "AWS": Object {
                  "Fn::GetAtt": Array [
                    "pipelinePipelineesbProductionesbGenericServicesPrepareCodePipelineActionRole1654FA18",
                    "Arn",
                  ],
                },
              },
              "Resource": "*",
            },
            Object {
              "Action": Array [
                "kms:Decrypt",
                "kms:DescribeKey",
              ],
              "Effect": "Allow",
              "Principal": Object {
                "AWS": Object {
                  "Fn::GetAtt": Array [
                    "pipelinePipelineesbProductionesbIamPrepareRoleA6BE7FA9",
                    "Arn",
                  ],
                },
              },
              "Resource": "*",
            },
            Object {
              "Action": Array [
                "kms:Decrypt",
                "kms:DescribeKey",
              ],
              "Effect": "Allow",
              "Principal": Object {
                "AWS": Object {
                  "Fn::GetAtt": Array [
                    "pipelinePipelineesbProductionesbIamPrepareCodePipelineActionRole8CD7854C",
                    "Arn",
                  ],
                },
              },
              "Resource": "*",
            },
          ],
          "Version": "2012-10-17",
        },
        "Tags": Array [
          Object {
            "Key": "cdkManaged",
            "Value": "yes",
          },
          Object {
            "Key": "project",
            "Value": "esb",
          },
        ],
      },
      "Type": "AWS::KMS::Key",
      "UpdateReplacePolicy": "Delete",
    },
    "pipelinePipelineArtifactsBucketEncryptionKeyAlias1D557762": Object {
      "DeletionPolicy": "Delete",
      "Properties": Object {
        "AliasName": "alias/codepipeline-testpipelinepipeline0d47f079",
        "TargetKeyId": Object {
          "Fn::GetAtt": Array [
            "pipelinePipelineArtifactsBucketEncryptionKey56EE9D50",
            "Arn",
          ],
        },
      },
      "Type": "AWS::KMS::Alias",
      "UpdateReplacePolicy": "Delete",
    },
    "pipelinePipelineBuildSynthCdkBuildProject4237770A": Object {
      "Properties": Object {
        "Artifacts": Object {
          "Type": "CODEPIPELINE",
        },
        "EncryptionKey": Object {
          "Fn::GetAtt": Array [
            "pipelinePipelineArtifactsBucketEncryptionKey56EE9D50",
            "Arn",
          ],
        },
        "Environment": Object {
          "ComputeType": "BUILD_GENERAL1_SMALL",
          "Image": "aws/codebuild/standard:5.0",
          "ImagePullCredentialsType": "CODEBUILD",
          "PrivilegedMode": false,
          "Type": "LINUX_CONTAINER",
        },
        "ServiceRole": Object {
          "Fn::GetAtt": Array [
            "pipelinePipelineBuildSynthCdkBuildProjectRole0C39D18F",
            "Arn",
          ],
        },
        "Source": Object {
          "BuildSpec": "{
  \\"version\\": \\"0.2\\",
  \\"phases\\": {
    \\"build\\": {
      \\"commands\\": [
        \\"yarn install --frozen-lockfile\\",
        \\"yarn build\\"
      ]
    }
  },
  \\"artifacts\\": {
    \\"base-directory\\": \\"cdk.out\\",
    \\"files\\": \\"**/*\\"
  }
}",
          "Type": "CODEPIPELINE",
        },
        "Tags": Array [
          Object {
            "Key": "cdkManaged",
            "Value": "yes",
          },
          Object {
            "Key": "project",
            "Value": "esb",
          },
        ],
      },
      "Type": "AWS::CodeBuild::Project",
    },
    "pipelinePipelineBuildSynthCdkBuildProjectRole0C39D18F": Object {
      "Properties": Object {
        "AssumeRolePolicyDocument": Object {
          "Statement": Array [
            Object {
              "Action": "sts:AssumeRole",
              "Effect": "Allow",
              "Principal": Object {
                "Service": "codebuild.amazonaws.com",
              },
            },
          ],
          "Version": "2012-10-17",
        },
        "Tags": Array [
          Object {
            "Key": "cdkManaged",
            "Value": "yes",
          },
          Object {
            "Key": "project",
            "Value": "esb",
          },
        ],
      },
      "Type": "AWS::IAM::Role",
    },
    "pipelinePipelineBuildSynthCdkBuildProjectRoleDefaultPolicyB3981181": Object {
      "Properties": Object {
        "PolicyDocument": Object {
          "Statement": Array [
            Object {
              "Action": Array [
                "logs:CreateLogGroup",
                "logs:CreateLogStream",
                "logs:PutLogEvents",
              ],
              "Effect": "Allow",
              "Resource": Array [
                Object {
                  "Fn::Join": Array [
                    "",
                    Array [
                      "arn:",
                      Object {
                        "Ref": "AWS::Partition",
                      },
                      ":logs:eu-west-1:418648875085:log-group:/aws/codebuild/",
                      Object {
                        "Ref": "pipelinePipelineBuildSynthCdkBuildProject4237770A",
                      },
                    ],
                  ],
                },
                Object {
                  "Fn::Join": Array [
                    "",
                    Array [
                      "arn:",
                      Object {
                        "Ref": "AWS::Partition",
                      },
                      ":logs:eu-west-1:418648875085:log-group:/aws/codebuild/",
                      Object {
                        "Ref": "pipelinePipelineBuildSynthCdkBuildProject4237770A",
                      },
                      ":*",
                    ],
                  ],
                },
              ],
            },
            Object {
              "Action": Array [
                "codebuild:CreateReportGroup",
                "codebuild:CreateReport",
                "codebuild:UpdateReport",
                "codebuild:BatchPutTestCases",
                "codebuild:BatchPutCodeCoverages",
              ],
              "Effect": "Allow",
              "Resource": Object {
                "Fn::Join": Array [
                  "",
                  Array [
                    "arn:",
                    Object {
                      "Ref": "AWS::Partition",
                    },
                    ":codebuild:eu-west-1:418648875085:report-group/",
                    Object {
                      "Ref": "pipelinePipelineBuildSynthCdkBuildProject4237770A",
                    },
                    "-*",
                  ],
                ],
              },
            },
            Object {
              "Action": Array [
                "s3:GetObject*",
                "s3:GetBucket*",
                "s3:List*",
                "s3:DeleteObject*",
                "s3:PutObject*",
                "s3:Abort*",
              ],
              "Effect": "Allow",
              "Resource": Array [
                Object {
                  "Fn::GetAtt": Array [
                    "pipelinePipelineArtifactsBucketC2CD5B5E",
                    "Arn",
                  ],
                },
                Object {
                  "Fn::Join": Array [
                    "",
                    Array [
                      Object {
                        "Fn::GetAtt": Array [
                          "pipelinePipelineArtifactsBucketC2CD5B5E",
                          "Arn",
                        ],
                      },
                      "/*",
                    ],
                  ],
                },
              ],
            },
            Object {
              "Action": Array [
                "kms:Decrypt",
                "kms:DescribeKey",
                "kms:Encrypt",
                "kms:ReEncrypt*",
                "kms:GenerateDataKey*",
              ],
              "Effect": "Allow",
              "Resource": Object {
                "Fn::GetAtt": Array [
                  "pipelinePipelineArtifactsBucketEncryptionKey56EE9D50",
                  "Arn",
                ],
              },
            },
            Object {
              "Action": Array [
                "kms:Decrypt",
                "kms:Encrypt",
                "kms:ReEncrypt*",
                "kms:GenerateDataKey*",
              ],
              "Effect": "Allow",
              "Resource": Object {
                "Fn::GetAtt": Array [
                  "pipelinePipelineArtifactsBucketEncryptionKey56EE9D50",
                  "Arn",
                ],
              },
            },
          ],
          "Version": "2012-10-17",
        },
        "PolicyName": "pipelinePipelineBuildSynthCdkBuildProjectRoleDefaultPolicyB3981181",
        "Roles": Array [
          Object {
            "Ref": "pipelinePipelineBuildSynthCdkBuildProjectRole0C39D18F",
          },
        ],
      },
      "Type": "AWS::IAM::Policy",
    },
    "pipelinePipelineBuildSynthCodePipelineActionRoleD2261161": Object {
      "Properties": Object {
        "AssumeRolePolicyDocument": Object {
          "Statement": Array [
            Object {
              "Action": "sts:AssumeRole",
              "Effect": "Allow",
              "Principal": Object {
                "AWS": Object {
                  "Fn::Join": Array [
                    "",
                    Array [
                      "arn:",
                      Object {
                        "Ref": "AWS::Partition",
                      },
                      ":iam::418648875085:root",
                    ],
                  ],
                },
              },
            },
          ],
          "Version": "2012-10-17",
        },
        "Tags": Array [
          Object {
            "Key": "cdkManaged",
            "Value": "yes",
          },
          Object {
            "Key": "project",
            "Value": "esb",
          },
        ],
      },
      "Type": "AWS::IAM::Role",
    },
    "pipelinePipelineBuildSynthCodePipelineActionRoleDefaultPolicy7B8E3FCA": Object {
      "Properties": Object {
        "PolicyDocument": Object {
          "Statement": Array [
            Object {
              "Action": Array [
                "codebuild:BatchGetBuilds",
                "codebuild:StartBuild",
                "codebuild:StopBuild",
              ],
              "Effect": "Allow",
              "Resource": Object {
                "Fn::GetAtt": Array [
                  "pipelinePipelineBuildSynthCdkBuildProject4237770A",
                  "Arn",
                ],
              },
            },
          ],
          "Version": "2012-10-17",
        },
        "PolicyName": "pipelinePipelineBuildSynthCodePipelineActionRoleDefaultPolicy7B8E3FCA",
        "Roles": Array [
          Object {
            "Ref": "pipelinePipelineBuildSynthCodePipelineActionRoleD2261161",
          },
        ],
      },
      "Type": "AWS::IAM::Policy",
    },
    "pipelinePipelineRole7016E5DF": Object {
      "Properties": Object {
        "AssumeRolePolicyDocument": Object {
          "Statement": Array [
            Object {
              "Action": "sts:AssumeRole",
              "Effect": "Allow",
              "Principal": Object {
                "Service": "codepipeline.amazonaws.com",
              },
            },
          ],
          "Version": "2012-10-17",
        },
        "Tags": Array [
          Object {
            "Key": "cdkManaged",
            "Value": "yes",
          },
          Object {
            "Key": "project",
            "Value": "esb",
          },
        ],
      },
      "Type": "AWS::IAM::Role",
    },
    "pipelinePipelineRoleDefaultPolicy16010F3E": Object {
      "Properties": Object {
        "PolicyDocument": Object {
          "Statement": Array [
            Object {
              "Action": Array [
                "s3:GetObject*",
                "s3:GetBucket*",
                "s3:List*",
                "s3:DeleteObject*",
                "s3:PutObject*",
                "s3:Abort*",
              ],
              "Effect": "Allow",
              "Resource": Array [
                Object {
                  "Fn::GetAtt": Array [
                    "pipelinePipelineArtifactsBucketC2CD5B5E",
                    "Arn",
                  ],
                },
                Object {
                  "Fn::Join": Array [
                    "",
                    Array [
                      Object {
                        "Fn::GetAtt": Array [
                          "pipelinePipelineArtifactsBucketC2CD5B5E",
                          "Arn",
                        ],
                      },
                      "/*",
                    ],
                  ],
                },
              ],
            },
            Object {
              "Action": Array [
                "kms:Decrypt",
                "kms:DescribeKey",
                "kms:Encrypt",
                "kms:ReEncrypt*",
                "kms:GenerateDataKey*",
              ],
              "Effect": "Allow",
              "Resource": Object {
                "Fn::GetAtt": Array [
                  "pipelinePipelineArtifactsBucketEncryptionKey56EE9D50",
                  "Arn",
                ],
              },
            },
            Object {
              "Action": "sts:AssumeRole",
              "Effect": "Allow",
              "Resource": Object {
                "Fn::GetAtt": Array [
                  "pipelinePipelineSourceGemeenteNijmegenesbqueueCodePipelineActionRoleEA872778",
                  "Arn",
                ],
              },
            },
            Object {
              "Action": "sts:AssumeRole",
              "Effect": "Allow",
              "Resource": Object {
                "Fn::GetAtt": Array [
                  "pipelinePipelineBuildSynthCodePipelineActionRoleD2261161",
                  "Arn",
                ],
              },
            },
            Object {
              "Action": "sts:AssumeRole",
              "Effect": "Allow",
              "Resource": Object {
                "Fn::GetAtt": Array [
                  "pipelinePipelineUpdatePipelineSelfMutateCodePipelineActionRole616B0B5B",
                  "Arn",
                ],
              },
            },
            Object {
              "Action": "sts:AssumeRole",
              "Effect": "Allow",
              "Resource": Object {
                "Fn::GetAtt": Array [
                  "pipelinePipelineesbAcceptanceesbGenericServicesPrepareCodePipelineActionRoleDC792806",
                  "Arn",
                ],
              },
            },
            Object {
              "Action": "sts:AssumeRole",
              "Effect": "Allow",
              "Resource": Object {
                "Fn::GetAtt": Array [
                  "pipelinePipelineesbAcceptanceesbGenericServicesDeployCodePipelineActionRole84420AB2",
                  "Arn",
                ],
              },
            },
            Object {
              "Action": "sts:AssumeRole",
              "Effect": "Allow",
              "Resource": Object {
                "Fn::GetAtt": Array [
                  "pipelinePipelineesbAcceptanceesbIamPrepareCodePipelineActionRole680C1378",
                  "Arn",
                ],
              },
            },
            Object {
              "Action": "sts:AssumeRole",
              "Effect": "Allow",
              "Resource": Object {
                "Fn::GetAtt": Array [
                  "pipelinePipelineesbAcceptanceesbIamDeployCodePipelineActionRoleE736C935",
                  "Arn",
                ],
              },
            },
            Object {
              "Action": "sts:AssumeRole",
              "Effect": "Allow",
              "Resource": Object {
                "Fn::GetAtt": Array [
                  "pipelinePipelineesbProductionesbGenericServicesPrepareCodePipelineActionRole1654FA18",
                  "Arn",
                ],
              },
            },
            Object {
              "Action": "sts:AssumeRole",
              "Effect": "Allow",
              "Resource": Object {
                "Fn::GetAtt": Array [
                  "pipelinePipelineesbProductionesbGenericServicesDeployCodePipelineActionRole93ADF9CD",
                  "Arn",
                ],
              },
            },
            Object {
              "Action": "sts:AssumeRole",
              "Effect": "Allow",
              "Resource": Object {
                "Fn::GetAtt": Array [
                  "pipelinePipelineesbProductionesbIamPrepareCodePipelineActionRole8CD7854C",
                  "Arn",
                ],
              },
            },
            Object {
              "Action": "sts:AssumeRole",
              "Effect": "Allow",
              "Resource": Object {
                "Fn::GetAtt": Array [
                  "pipelinePipelineesbProductionesbIamDeployCodePipelineActionRole4255D8F9",
                  "Arn",
                ],
              },
            },
          ],
          "Version": "2012-10-17",
        },
        "PolicyName": "pipelinePipelineRoleDefaultPolicy16010F3E",
        "Roles": Array [
          Object {
            "Ref": "pipelinePipelineRole7016E5DF",
          },
        ],
      },
      "Type": "AWS::IAM::Policy",
    },
    "pipelinePipelineSourceGemeenteNijmegenesbqueueCodePipelineActionRoleDefaultPolicy852738AD": Object {
      "Properties": Object {
        "PolicyDocument": Object {
          "Statement": Array [
            Object {
              "Action": "codestar-connections:UseConnection",
              "Effect": "Allow",
              "Resource": "arn:aws:codestar-connections:eu-west-1:418648875085:connection/4f647929-c982-4f30-94f4-24ff7dbf9766",
            },
            Object {
              "Action": Array [
                "s3:GetObject*",
                "s3:GetBucket*",
                "s3:List*",
                "s3:DeleteObject*",
                "s3:PutObject*",
                "s3:Abort*",
              ],
              "Effect": "Allow",
              "Resource": Array [
                Object {
                  "Fn::GetAtt": Array [
                    "pipelinePipelineArtifactsBucketC2CD5B5E",
                    "Arn",
                  ],
                },
                Object {
                  "Fn::Join": Array [
                    "",
                    Array [
                      Object {
                        "Fn::GetAtt": Array [
                          "pipelinePipelineArtifactsBucketC2CD5B5E",
                          "Arn",
                        ],
                      },
                      "/*",
                    ],
                  ],
                },
              ],
            },
            Object {
              "Action": Array [
                "kms:Decrypt",
                "kms:DescribeKey",
                "kms:Encrypt",
                "kms:ReEncrypt*",
                "kms:GenerateDataKey*",
              ],
              "Effect": "Allow",
              "Resource": Object {
                "Fn::GetAtt": Array [
                  "pipelinePipelineArtifactsBucketEncryptionKey56EE9D50",
                  "Arn",
                ],
              },
            },
            Object {
              "Action": "s3:PutObjectAcl",
              "Effect": "Allow",
              "Resource": Object {
                "Fn::Join": Array [
                  "",
                  Array [
                    Object {
                      "Fn::GetAtt": Array [
                        "pipelinePipelineArtifactsBucketC2CD5B5E",
                        "Arn",
                      ],
                    },
                    "/*",
                  ],
                ],
              },
            },
          ],
          "Version": "2012-10-17",
        },
        "PolicyName": "pipelinePipelineSourceGemeenteNijmegenesbqueueCodePipelineActionRoleDefaultPolicy852738AD",
        "Roles": Array [
          Object {
            "Ref": "pipelinePipelineSourceGemeenteNijmegenesbqueueCodePipelineActionRoleEA872778",
          },
        ],
      },
      "Type": "AWS::IAM::Policy",
    },
    "pipelinePipelineSourceGemeenteNijmegenesbqueueCodePipelineActionRoleEA872778": Object {
      "Properties": Object {
        "AssumeRolePolicyDocument": Object {
          "Statement": Array [
            Object {
              "Action": "sts:AssumeRole",
              "Effect": "Allow",
              "Principal": Object {
                "AWS": Object {
                  "Fn::Join": Array [
                    "",
                    Array [
                      "arn:",
                      Object {
                        "Ref": "AWS::Partition",
                      },
                      ":iam::418648875085:root",
                    ],
                  ],
                },
              },
            },
          ],
          "Version": "2012-10-17",
        },
        "Tags": Array [
          Object {
            "Key": "cdkManaged",
            "Value": "yes",
          },
          Object {
            "Key": "project",
            "Value": "esb",
          },
        ],
      },
      "Type": "AWS::IAM::Role",
    },
    "pipelinePipelineUpdatePipelineSelfMutateCodePipelineActionRole616B0B5B": Object {
      "Properties": Object {
        "AssumeRolePolicyDocument": Object {
          "Statement": Array [
            Object {
              "Action": "sts:AssumeRole",
              "Effect": "Allow",
              "Principal": Object {
                "AWS": Object {
                  "Fn::Join": Array [
                    "",
                    Array [
                      "arn:",
                      Object {
                        "Ref": "AWS::Partition",
                      },
                      ":iam::418648875085:root",
                    ],
                  ],
                },
              },
            },
          ],
          "Version": "2012-10-17",
        },
        "Tags": Array [
          Object {
            "Key": "cdkManaged",
            "Value": "yes",
          },
          Object {
            "Key": "project",
            "Value": "esb",
          },
        ],
      },
      "Type": "AWS::IAM::Role",
    },
    "pipelinePipelineUpdatePipelineSelfMutateCodePipelineActionRoleDefaultPolicy09E3C254": Object {
      "Properties": Object {
        "PolicyDocument": Object {
          "Statement": Array [
            Object {
              "Action": Array [
                "codebuild:BatchGetBuilds",
                "codebuild:StartBuild",
                "codebuild:StopBuild",
              ],
              "Effect": "Allow",
              "Resource": Object {
                "Fn::GetAtt": Array [
                  "pipelineUpdatePipelineSelfMutation14A96D2F",
                  "Arn",
                ],
              },
            },
          ],
          "Version": "2012-10-17",
        },
        "PolicyName": "pipelinePipelineUpdatePipelineSelfMutateCodePipelineActionRoleDefaultPolicy09E3C254",
        "Roles": Array [
          Object {
            "Ref": "pipelinePipelineUpdatePipelineSelfMutateCodePipelineActionRole616B0B5B",
          },
        ],
      },
      "Type": "AWS::IAM::Policy",
    },
    "pipelinePipelineesbAcceptanceesbGenericServicesDeployCodePipelineActionRole84420AB2": Object {
      "Properties": Object {
        "AssumeRolePolicyDocument": Object {
          "Statement": Array [
            Object {
              "Action": "sts:AssumeRole",
              "Effect": "Allow",
              "Principal": Object {
                "AWS": Object {
                  "Fn::Join": Array [
                    "",
                    Array [
                      "arn:",
                      Object {
                        "Ref": "AWS::Partition",
                      },
                      ":iam::418648875085:root",
                    ],
                  ],
                },
              },
            },
          ],
          "Version": "2012-10-17",
        },
        "Tags": Array [
          Object {
            "Key": "cdkManaged",
            "Value": "yes",
          },
          Object {
            "Key": "project",
            "Value": "esb",
          },
        ],
      },
      "Type": "AWS::IAM::Role",
    },
    "pipelinePipelineesbAcceptanceesbGenericServicesDeployCodePipelineActionRoleDefaultPolicyC2E5A8FB": Object {
      "Properties": Object {
        "PolicyDocument": Object {
          "Statement": Array [
            Object {
              "Action": Array [
                "cloudformation:DescribeChangeSet",
                "cloudformation:DescribeStacks",
                "cloudformation:ExecuteChangeSet",
              ],
              "Condition": Object {
                "StringEqualsIfExists": Object {
                  "cloudformation:ChangeSetName": "PipelineChange",
                },
              },
              "Effect": "Allow",
              "Resource": Object {
                "Fn::Join": Array [
                  "",
                  Array [
                    "arn:",
                    Object {
                      "Ref": "AWS::Partition",
                    },
                    ":cloudformation:eu-west-1:418648875085:stack/esbAcceptance-esbGenericServices/*",
                  ],
                ],
              },
            },
          ],
          "Version": "2012-10-17",
        },
        "PolicyName": "pipelinePipelineesbAcceptanceesbGenericServicesDeployCodePipelineActionRoleDefaultPolicyC2E5A8FB",
        "Roles": Array [
          Object {
            "Ref": "pipelinePipelineesbAcceptanceesbGenericServicesDeployCodePipelineActionRole84420AB2",
          },
        ],
      },
      "Type": "AWS::IAM::Policy",
    },
    "pipelinePipelineesbAcceptanceesbGenericServicesPrepareCodePipelineActionRoleDC792806": Object {
      "Properties": Object {
        "AssumeRolePolicyDocument": Object {
          "Statement": Array [
            Object {
              "Action": "sts:AssumeRole",
              "Effect": "Allow",
              "Principal": Object {
                "AWS": Object {
                  "Fn::Join": Array [
                    "",
                    Array [
                      "arn:",
                      Object {
                        "Ref": "AWS::Partition",
                      },
                      ":iam::418648875085:root",
                    ],
                  ],
                },
              },
            },
          ],
          "Version": "2012-10-17",
        },
        "Tags": Array [
          Object {
            "Key": "cdkManaged",
            "Value": "yes",
          },
          Object {
            "Key": "project",
            "Value": "esb",
          },
        ],
      },
      "Type": "AWS::IAM::Role",
    },
    "pipelinePipelineesbAcceptanceesbGenericServicesPrepareCodePipelineActionRoleDefaultPolicy16ECA9E7": Object {
      "Properties": Object {
        "PolicyDocument": Object {
          "Statement": Array [
            Object {
              "Action": "iam:PassRole",
              "Effect": "Allow",
              "Resource": Object {
                "Fn::GetAtt": Array [
                  "pipelinePipelineesbAcceptanceesbGenericServicesPrepareRole6FCD2C4A",
                  "Arn",
                ],
              },
            },
            Object {
              "Action": Array [
                "s3:GetObject*",
                "s3:GetBucket*",
                "s3:List*",
              ],
              "Effect": "Allow",
              "Resource": Array [
                Object {
                  "Fn::GetAtt": Array [
                    "pipelinePipelineArtifactsBucketC2CD5B5E",
                    "Arn",
                  ],
                },
                Object {
                  "Fn::Join": Array [
                    "",
                    Array [
                      Object {
                        "Fn::GetAtt": Array [
                          "pipelinePipelineArtifactsBucketC2CD5B5E",
                          "Arn",
                        ],
                      },
                      "/*",
                    ],
                  ],
                },
              ],
            },
            Object {
              "Action": Array [
                "kms:Decrypt",
                "kms:DescribeKey",
              ],
              "Effect": "Allow",
              "Resource": Object {
                "Fn::GetAtt": Array [
                  "pipelinePipelineArtifactsBucketEncryptionKey56EE9D50",
                  "Arn",
                ],
              },
            },
            Object {
              "Action": Array [
                "cloudformation:CreateChangeSet",
                "cloudformation:DeleteChangeSet",
                "cloudformation:DescribeChangeSet",
                "cloudformation:DescribeStacks",
              ],
              "Condition": Object {
                "StringEqualsIfExists": Object {
                  "cloudformation:ChangeSetName": "PipelineChange",
                },
              },
              "Effect": "Allow",
              "Resource": Object {
                "Fn::Join": Array [
                  "",
                  Array [
                    "arn:",
                    Object {
                      "Ref": "AWS::Partition",
                    },
                    ":cloudformation:eu-west-1:418648875085:stack/esbAcceptance-esbGenericServices/*",
                  ],
                ],
              },
            },
          ],
          "Version": "2012-10-17",
        },
        "PolicyName": "pipelinePipelineesbAcceptanceesbGenericServicesPrepareCodePipelineActionRoleDefaultPolicy16ECA9E7",
        "Roles": Array [
          Object {
            "Ref": "pipelinePipelineesbAcceptanceesbGenericServicesPrepareCodePipelineActionRoleDC792806",
          },
        ],
      },
      "Type": "AWS::IAM::Policy",
    },
    "pipelinePipelineesbAcceptanceesbGenericServicesPrepareRole6FCD2C4A": Object {
      "Properties": Object {
        "AssumeRolePolicyDocument": Object {
          "Statement": Array [
            Object {
              "Action": "sts:AssumeRole",
              "Effect": "Allow",
              "Principal": Object {
                "Service": "cloudformation.amazonaws.com",
              },
            },
          ],
          "Version": "2012-10-17",
        },
        "Tags": Array [
          Object {
            "Key": "cdkManaged",
            "Value": "yes",
          },
          Object {
            "Key": "project",
            "Value": "esb",
          },
        ],
      },
      "Type": "AWS::IAM::Role",
    },
    "pipelinePipelineesbAcceptanceesbGenericServicesPrepareRoleDefaultPolicy56E7A5E3": Object {
      "Properties": Object {
        "PolicyDocument": Object {
          "Statement": Array [
            Object {
              "Action": Array [
                "s3:GetObject*",
                "s3:GetBucket*",
                "s3:List*",
              ],
              "Effect": "Allow",
              "Resource": Array [
                Object {
                  "Fn::GetAtt": Array [
                    "pipelinePipelineArtifactsBucketC2CD5B5E",
                    "Arn",
                  ],
                },
                Object {
                  "Fn::Join": Array [
                    "",
                    Array [
                      Object {
                        "Fn::GetAtt": Array [
                          "pipelinePipelineArtifactsBucketC2CD5B5E",
                          "Arn",
                        ],
                      },
                      "/*",
                    ],
                  ],
                },
              ],
            },
            Object {
              "Action": Array [
                "kms:Decrypt",
                "kms:DescribeKey",
              ],
              "Effect": "Allow",
              "Resource": Object {
                "Fn::GetAtt": Array [
                  "pipelinePipelineArtifactsBucketEncryptionKey56EE9D50",
                  "Arn",
                ],
              },
            },
            Object {
              "Action": "*",
              "Effect": "Allow",
              "Resource": "*",
            },
          ],
          "Version": "2012-10-17",
        },
        "PolicyName": "pipelinePipelineesbAcceptanceesbGenericServicesPrepareRoleDefaultPolicy56E7A5E3",
        "Roles": Array [
          Object {
            "Ref": "pipelinePipelineesbAcceptanceesbGenericServicesPrepareRole6FCD2C4A",
          },
        ],
      },
      "Type": "AWS::IAM::Policy",
    },
    "pipelinePipelineesbAcceptanceesbIamDeployCodePipelineActionRoleDefaultPolicy600EE770": Object {
      "Properties": Object {
        "PolicyDocument": Object {
          "Statement": Array [
            Object {
              "Action": Array [
                "cloudformation:DescribeChangeSet",
                "cloudformation:DescribeStacks",
                "cloudformation:ExecuteChangeSet",
              ],
              "Condition": Object {
                "StringEqualsIfExists": Object {
                  "cloudformation:ChangeSetName": "PipelineChange",
                },
              },
              "Effect": "Allow",
              "Resource": Object {
                "Fn::Join": Array [
                  "",
                  Array [
                    "arn:",
                    Object {
                      "Ref": "AWS::Partition",
                    },
                    ":cloudformation:eu-west-1:418648875085:stack/esbAcceptance-esbIam/*",
                  ],
                ],
              },
            },
          ],
          "Version": "2012-10-17",
        },
        "PolicyName": "pipelinePipelineesbAcceptanceesbIamDeployCodePipelineActionRoleDefaultPolicy600EE770",
        "Roles": Array [
          Object {
            "Ref": "pipelinePipelineesbAcceptanceesbIamDeployCodePipelineActionRoleE736C935",
          },
        ],
      },
      "Type": "AWS::IAM::Policy",
    },
    "pipelinePipelineesbAcceptanceesbIamDeployCodePipelineActionRoleE736C935": Object {
      "Properties": Object {
        "AssumeRolePolicyDocument": Object {
          "Statement": Array [
            Object {
              "Action": "sts:AssumeRole",
              "Effect": "Allow",
              "Principal": Object {
                "AWS": Object {
                  "Fn::Join": Array [
                    "",
                    Array [
                      "arn:",
                      Object {
                        "Ref": "AWS::Partition",
                      },
                      ":iam::418648875085:root",
                    ],
                  ],
                },
              },
            },
          ],
          "Version": "2012-10-17",
        },
        "Tags": Array [
          Object {
            "Key": "cdkManaged",
            "Value": "yes",
          },
          Object {
            "Key": "project",
            "Value": "esb",
          },
        ],
      },
      "Type": "AWS::IAM::Role",
    },
    "pipelinePipelineesbAcceptanceesbIamPrepareCodePipelineActionRole680C1378": Object {
      "Properties": Object {
        "AssumeRolePolicyDocument": Object {
          "Statement": Array [
            Object {
              "Action": "sts:AssumeRole",
              "Effect": "Allow",
              "Principal": Object {
                "AWS": Object {
                  "Fn::Join": Array [
                    "",
                    Array [
                      "arn:",
                      Object {
                        "Ref": "AWS::Partition",
                      },
                      ":iam::418648875085:root",
                    ],
                  ],
                },
              },
            },
          ],
          "Version": "2012-10-17",
        },
        "Tags": Array [
          Object {
            "Key": "cdkManaged",
            "Value": "yes",
          },
          Object {
            "Key": "project",
            "Value": "esb",
          },
        ],
      },
      "Type": "AWS::IAM::Role",
    },
    "pipelinePipelineesbAcceptanceesbIamPrepareCodePipelineActionRoleDefaultPolicy732DFC60": Object {
      "Properties": Object {
        "PolicyDocument": Object {
          "Statement": Array [
            Object {
              "Action": "iam:PassRole",
              "Effect": "Allow",
              "Resource": Object {
                "Fn::GetAtt": Array [
                  "pipelinePipelineesbAcceptanceesbIamPrepareRole79CE6E3D",
                  "Arn",
                ],
              },
            },
            Object {
              "Action": Array [
                "s3:GetObject*",
                "s3:GetBucket*",
                "s3:List*",
              ],
              "Effect": "Allow",
              "Resource": Array [
                Object {
                  "Fn::GetAtt": Array [
                    "pipelinePipelineArtifactsBucketC2CD5B5E",
                    "Arn",
                  ],
                },
                Object {
                  "Fn::Join": Array [
                    "",
                    Array [
                      Object {
                        "Fn::GetAtt": Array [
                          "pipelinePipelineArtifactsBucketC2CD5B5E",
                          "Arn",
                        ],
                      },
                      "/*",
                    ],
                  ],
                },
              ],
            },
            Object {
              "Action": Array [
                "kms:Decrypt",
                "kms:DescribeKey",
              ],
              "Effect": "Allow",
              "Resource": Object {
                "Fn::GetAtt": Array [
                  "pipelinePipelineArtifactsBucketEncryptionKey56EE9D50",
                  "Arn",
                ],
              },
            },
            Object {
              "Action": Array [
                "cloudformation:CreateChangeSet",
                "cloudformation:DeleteChangeSet",
                "cloudformation:DescribeChangeSet",
                "cloudformation:DescribeStacks",
              ],
              "Condition": Object {
                "StringEqualsIfExists": Object {
                  "cloudformation:ChangeSetName": "PipelineChange",
                },
              },
              "Effect": "Allow",
              "Resource": Object {
                "Fn::Join": Array [
                  "",
                  Array [
                    "arn:",
                    Object {
                      "Ref": "AWS::Partition",
                    },
                    ":cloudformation:eu-west-1:418648875085:stack/esbAcceptance-esbIam/*",
                  ],
                ],
              },
            },
          ],
          "Version": "2012-10-17",
        },
        "PolicyName": "pipelinePipelineesbAcceptanceesbIamPrepareCodePipelineActionRoleDefaultPolicy732DFC60",
        "Roles": Array [
          Object {
            "Ref": "pipelinePipelineesbAcceptanceesbIamPrepareCodePipelineActionRole680C1378",
          },
        ],
      },
      "Type": "AWS::IAM::Policy",
    },
    "pipelinePipelineesbAcceptanceesbIamPrepareRole79CE6E3D": Object {
      "Properties": Object {
        "AssumeRolePolicyDocument": Object {
          "Statement": Array [
            Object {
              "Action": "sts:AssumeRole",
              "Effect": "Allow",
              "Principal": Object {
                "Service": "cloudformation.amazonaws.com",
              },
            },
          ],
          "Version": "2012-10-17",
        },
        "Tags": Array [
          Object {
            "Key": "cdkManaged",
            "Value": "yes",
          },
          Object {
            "Key": "project",
            "Value": "esb",
          },
        ],
      },
      "Type": "AWS::IAM::Role",
    },
    "pipelinePipelineesbAcceptanceesbIamPrepareRoleDefaultPolicyDBBCD59E": Object {
      "Properties": Object {
        "PolicyDocument": Object {
          "Statement": Array [
            Object {
              "Action": Array [
                "s3:GetObject*",
                "s3:GetBucket*",
                "s3:List*",
              ],
              "Effect": "Allow",
              "Resource": Array [
                Object {
                  "Fn::GetAtt": Array [
                    "pipelinePipelineArtifactsBucketC2CD5B5E",
                    "Arn",
                  ],
                },
                Object {
                  "Fn::Join": Array [
                    "",
                    Array [
                      Object {
                        "Fn::GetAtt": Array [
                          "pipelinePipelineArtifactsBucketC2CD5B5E",
                          "Arn",
                        ],
                      },
                      "/*",
                    ],
                  ],
                },
              ],
            },
            Object {
              "Action": Array [
                "kms:Decrypt",
                "kms:DescribeKey",
              ],
              "Effect": "Allow",
              "Resource": Object {
                "Fn::GetAtt": Array [
                  "pipelinePipelineArtifactsBucketEncryptionKey56EE9D50",
                  "Arn",
                ],
              },
            },
            Object {
              "Action": "*",
              "Effect": "Allow",
              "Resource": "*",
            },
          ],
          "Version": "2012-10-17",
        },
        "PolicyName": "pipelinePipelineesbAcceptanceesbIamPrepareRoleDefaultPolicyDBBCD59E",
        "Roles": Array [
          Object {
            "Ref": "pipelinePipelineesbAcceptanceesbIamPrepareRole79CE6E3D",
          },
        ],
      },
      "Type": "AWS::IAM::Policy",
    },
    "pipelinePipelineesbProductionesbGenericServicesDeployCodePipelineActionRole93ADF9CD": Object {
      "Properties": Object {
        "AssumeRolePolicyDocument": Object {
          "Statement": Array [
            Object {
              "Action": "sts:AssumeRole",
              "Effect": "Allow",
              "Principal": Object {
                "AWS": Object {
                  "Fn::Join": Array [
                    "",
                    Array [
                      "arn:",
                      Object {
                        "Ref": "AWS::Partition",
                      },
                      ":iam::418648875085:root",
                    ],
                  ],
                },
              },
            },
          ],
          "Version": "2012-10-17",
        },
        "Tags": Array [
          Object {
            "Key": "cdkManaged",
            "Value": "yes",
          },
          Object {
            "Key": "project",
            "Value": "esb",
          },
        ],
      },
      "Type": "AWS::IAM::Role",
    },
    "pipelinePipelineesbProductionesbGenericServicesDeployCodePipelineActionRoleDefaultPolicyE2F8070F": Object {
      "Properties": Object {
        "PolicyDocument": Object {
          "Statement": Array [
            Object {
              "Action": Array [
                "cloudformation:DescribeChangeSet",
                "cloudformation:DescribeStacks",
                "cloudformation:ExecuteChangeSet",
              ],
              "Condition": Object {
                "StringEqualsIfExists": Object {
                  "cloudformation:ChangeSetName": "PipelineChange",
                },
              },
              "Effect": "Allow",
              "Resource": Object {
                "Fn::Join": Array [
                  "",
                  Array [
                    "arn:",
                    Object {
                      "Ref": "AWS::Partition",
                    },
                    ":cloudformation:eu-west-1:418648875085:stack/esbProduction-esbGenericServices/*",
                  ],
                ],
              },
            },
          ],
          "Version": "2012-10-17",
        },
        "PolicyName": "pipelinePipelineesbProductionesbGenericServicesDeployCodePipelineActionRoleDefaultPolicyE2F8070F",
        "Roles": Array [
          Object {
            "Ref": "pipelinePipelineesbProductionesbGenericServicesDeployCodePipelineActionRole93ADF9CD",
          },
        ],
      },
      "Type": "AWS::IAM::Policy",
    },
    "pipelinePipelineesbProductionesbGenericServicesPrepareCodePipelineActionRole1654FA18": Object {
      "Properties": Object {
        "AssumeRolePolicyDocument": Object {
          "Statement": Array [
            Object {
              "Action": "sts:AssumeRole",
              "Effect": "Allow",
              "Principal": Object {
                "AWS": Object {
                  "Fn::Join": Array [
                    "",
                    Array [
                      "arn:",
                      Object {
                        "Ref": "AWS::Partition",
                      },
                      ":iam::418648875085:root",
                    ],
                  ],
                },
              },
            },
          ],
          "Version": "2012-10-17",
        },
        "Tags": Array [
          Object {
            "Key": "cdkManaged",
            "Value": "yes",
          },
          Object {
            "Key": "project",
            "Value": "esb",
          },
        ],
      },
      "Type": "AWS::IAM::Role",
    },
    "pipelinePipelineesbProductionesbGenericServicesPrepareCodePipelineActionRoleDefaultPolicyD8E7ED3B": Object {
      "Properties": Object {
        "PolicyDocument": Object {
          "Statement": Array [
            Object {
              "Action": "iam:PassRole",
              "Effect": "Allow",
              "Resource": Object {
                "Fn::GetAtt": Array [
                  "pipelinePipelineesbProductionesbGenericServicesPrepareRoleE11315B7",
                  "Arn",
                ],
              },
            },
            Object {
              "Action": Array [
                "s3:GetObject*",
                "s3:GetBucket*",
                "s3:List*",
              ],
              "Effect": "Allow",
              "Resource": Array [
                Object {
                  "Fn::GetAtt": Array [
                    "pipelinePipelineArtifactsBucketC2CD5B5E",
                    "Arn",
                  ],
                },
                Object {
                  "Fn::Join": Array [
                    "",
                    Array [
                      Object {
                        "Fn::GetAtt": Array [
                          "pipelinePipelineArtifactsBucketC2CD5B5E",
                          "Arn",
                        ],
                      },
                      "/*",
                    ],
                  ],
                },
              ],
            },
            Object {
              "Action": Array [
                "kms:Decrypt",
                "kms:DescribeKey",
              ],
              "Effect": "Allow",
              "Resource": Object {
                "Fn::GetAtt": Array [
                  "pipelinePipelineArtifactsBucketEncryptionKey56EE9D50",
                  "Arn",
                ],
              },
            },
            Object {
              "Action": Array [
                "cloudformation:CreateChangeSet",
                "cloudformation:DeleteChangeSet",
                "cloudformation:DescribeChangeSet",
                "cloudformation:DescribeStacks",
              ],
              "Condition": Object {
                "StringEqualsIfExists": Object {
                  "cloudformation:ChangeSetName": "PipelineChange",
                },
              },
              "Effect": "Allow",
              "Resource": Object {
                "Fn::Join": Array [
                  "",
                  Array [
                    "arn:",
                    Object {
                      "Ref": "AWS::Partition",
                    },
                    ":cloudformation:eu-west-1:418648875085:stack/esbProduction-esbGenericServices/*",
                  ],
                ],
              },
            },
          ],
          "Version": "2012-10-17",
        },
        "PolicyName": "pipelinePipelineesbProductionesbGenericServicesPrepareCodePipelineActionRoleDefaultPolicyD8E7ED3B",
        "Roles": Array [
          Object {
            "Ref": "pipelinePipelineesbProductionesbGenericServicesPrepareCodePipelineActionRole1654FA18",
          },
        ],
      },
      "Type": "AWS::IAM::Policy",
    },
    "pipelinePipelineesbProductionesbGenericServicesPrepareRoleDefaultPolicy71A620DE": Object {
      "Properties": Object {
        "PolicyDocument": Object {
          "Statement": Array [
            Object {
              "Action": Array [
                "s3:GetObject*",
                "s3:GetBucket*",
                "s3:List*",
              ],
              "Effect": "Allow",
              "Resource": Array [
                Object {
                  "Fn::GetAtt": Array [
                    "pipelinePipelineArtifactsBucketC2CD5B5E",
                    "Arn",
                  ],
                },
                Object {
                  "Fn::Join": Array [
                    "",
                    Array [
                      Object {
                        "Fn::GetAtt": Array [
                          "pipelinePipelineArtifactsBucketC2CD5B5E",
                          "Arn",
                        ],
                      },
                      "/*",
                    ],
                  ],
                },
              ],
            },
            Object {
              "Action": Array [
                "kms:Decrypt",
                "kms:DescribeKey",
              ],
              "Effect": "Allow",
              "Resource": Object {
                "Fn::GetAtt": Array [
                  "pipelinePipelineArtifactsBucketEncryptionKey56EE9D50",
                  "Arn",
                ],
              },
            },
            Object {
              "Action": "*",
              "Effect": "Allow",
              "Resource": "*",
            },
          ],
          "Version": "2012-10-17",
        },
        "PolicyName": "pipelinePipelineesbProductionesbGenericServicesPrepareRoleDefaultPolicy71A620DE",
        "Roles": Array [
          Object {
            "Ref": "pipelinePipelineesbProductionesbGenericServicesPrepareRoleE11315B7",
          },
        ],
      },
      "Type": "AWS::IAM::Policy",
    },
    "pipelinePipelineesbProductionesbGenericServicesPrepareRoleE11315B7": Object {
      "Properties": Object {
        "AssumeRolePolicyDocument": Object {
          "Statement": Array [
            Object {
              "Action": "sts:AssumeRole",
              "Effect": "Allow",
              "Principal": Object {
                "Service": "cloudformation.amazonaws.com",
              },
            },
          ],
          "Version": "2012-10-17",
        },
        "Tags": Array [
          Object {
            "Key": "cdkManaged",
            "Value": "yes",
          },
          Object {
            "Key": "project",
            "Value": "esb",
          },
        ],
      },
      "Type": "AWS::IAM::Role",
    },
    "pipelinePipelineesbProductionesbIamDeployCodePipelineActionRole4255D8F9": Object {
      "Properties": Object {
        "AssumeRolePolicyDocument": Object {
          "Statement": Array [
            Object {
              "Action": "sts:AssumeRole",
              "Effect": "Allow",
              "Principal": Object {
                "AWS": Object {
                  "Fn::Join": Array [
                    "",
                    Array [
                      "arn:",
                      Object {
                        "Ref": "AWS::Partition",
                      },
                      ":iam::418648875085:root",
                    ],
                  ],
                },
              },
            },
          ],
          "Version": "2012-10-17",
        },
        "Tags": Array [
          Object {
            "Key": "cdkManaged",
            "Value": "yes",
          },
          Object {
            "Key": "project",
            "Value": "esb",
          },
        ],
      },
      "Type": "AWS::IAM::Role",
    },
    "pipelinePipelineesbProductionesbIamDeployCodePipelineActionRoleDefaultPolicy0624AA01": Object {
      "Properties": Object {
        "PolicyDocument": Object {
          "Statement": Array [
            Object {
              "Action": Array [
                "cloudformation:DescribeChangeSet",
                "cloudformation:DescribeStacks",
                "cloudformation:ExecuteChangeSet",
              ],
              "Condition": Object {
                "StringEqualsIfExists": Object {
                  "cloudformation:ChangeSetName": "PipelineChange",
                },
              },
              "Effect": "Allow",
              "Resource": Object {
                "Fn::Join": Array [
                  "",
                  Array [
                    "arn:",
                    Object {
                      "Ref": "AWS::Partition",
                    },
                    ":cloudformation:eu-west-1:418648875085:stack/esbProduction-esbIam/*",
                  ],
                ],
              },
            },
          ],
          "Version": "2012-10-17",
        },
        "PolicyName": "pipelinePipelineesbProductionesbIamDeployCodePipelineActionRoleDefaultPolicy0624AA01",
        "Roles": Array [
          Object {
            "Ref": "pipelinePipelineesbProductionesbIamDeployCodePipelineActionRole4255D8F9",
          },
        ],
      },
      "Type": "AWS::IAM::Policy",
    },
    "pipelinePipelineesbProductionesbIamPrepareCodePipelineActionRole8CD7854C": Object {
      "Properties": Object {
        "AssumeRolePolicyDocument": Object {
          "Statement": Array [
            Object {
              "Action": "sts:AssumeRole",
              "Effect": "Allow",
              "Principal": Object {
                "AWS": Object {
                  "Fn::Join": Array [
                    "",
                    Array [
                      "arn:",
                      Object {
                        "Ref": "AWS::Partition",
                      },
                      ":iam::418648875085:root",
                    ],
                  ],
                },
              },
            },
          ],
          "Version": "2012-10-17",
        },
        "Tags": Array [
          Object {
            "Key": "cdkManaged",
            "Value": "yes",
          },
          Object {
            "Key": "project",
            "Value": "esb",
          },
        ],
      },
      "Type": "AWS::IAM::Role",
    },
    "pipelinePipelineesbProductionesbIamPrepareCodePipelineActionRoleDefaultPolicy999A9F30": Object {
      "Properties": Object {
        "PolicyDocument": Object {
          "Statement": Array [
            Object {
              "Action": "iam:PassRole",
              "Effect": "Allow",
              "Resource": Object {
                "Fn::GetAtt": Array [
                  "pipelinePipelineesbProductionesbIamPrepareRoleA6BE7FA9",
                  "Arn",
                ],
              },
            },
            Object {
              "Action": Array [
                "s3:GetObject*",
                "s3:GetBucket*",
                "s3:List*",
              ],
              "Effect": "Allow",
              "Resource": Array [
                Object {
                  "Fn::GetAtt": Array [
                    "pipelinePipelineArtifactsBucketC2CD5B5E",
                    "Arn",
                  ],
                },
                Object {
                  "Fn::Join": Array [
                    "",
                    Array [
                      Object {
                        "Fn::GetAtt": Array [
                          "pipelinePipelineArtifactsBucketC2CD5B5E",
                          "Arn",
                        ],
                      },
                      "/*",
                    ],
                  ],
                },
              ],
            },
            Object {
              "Action": Array [
                "kms:Decrypt",
                "kms:DescribeKey",
              ],
              "Effect": "Allow",
              "Resource": Object {
                "Fn::GetAtt": Array [
                  "pipelinePipelineArtifactsBucketEncryptionKey56EE9D50",
                  "Arn",
                ],
              },
            },
            Object {
              "Action": Array [
                "cloudformation:CreateChangeSet",
                "cloudformation:DeleteChangeSet",
                "cloudformation:DescribeChangeSet",
                "cloudformation:DescribeStacks",
              ],
              "Condition": Object {
                "StringEqualsIfExists": Object {
                  "cloudformation:ChangeSetName": "PipelineChange",
                },
              },
              "Effect": "Allow",
              "Resource": Object {
                "Fn::Join": Array [
                  "",
                  Array [
                    "arn:",
                    Object {
                      "Ref": "AWS::Partition",
                    },
                    ":cloudformation:eu-west-1:418648875085:stack/esbProduction-esbIam/*",
                  ],
                ],
              },
            },
          ],
          "Version": "2012-10-17",
        },
        "PolicyName": "pipelinePipelineesbProductionesbIamPrepareCodePipelineActionRoleDefaultPolicy999A9F30",
        "Roles": Array [
          Object {
            "Ref": "pipelinePipelineesbProductionesbIamPrepareCodePipelineActionRole8CD7854C",
          },
        ],
      },
      "Type": "AWS::IAM::Policy",
    },
    "pipelinePipelineesbProductionesbIamPrepareRoleA6BE7FA9": Object {
      "Properties": Object {
        "AssumeRolePolicyDocument": Object {
          "Statement": Array [
            Object {
              "Action": "sts:AssumeRole",
              "Effect": "Allow",
              "Principal": Object {
                "Service": "cloudformation.amazonaws.com",
              },
            },
          ],
          "Version": "2012-10-17",
        },
        "Tags": Array [
          Object {
            "Key": "cdkManaged",
            "Value": "yes",
          },
          Object {
            "Key": "project",
            "Value": "esb",
          },
        ],
      },
      "Type": "AWS::IAM::Role",
    },
    "pipelinePipelineesbProductionesbIamPrepareRoleDefaultPolicyBB3FCBDE": Object {
      "Properties": Object {
        "PolicyDocument": Object {
          "Statement": Array [
            Object {
              "Action": Array [
                "s3:GetObject*",
                "s3:GetBucket*",
                "s3:List*",
              ],
              "Effect": "Allow",
              "Resource": Array [
                Object {
                  "Fn::GetAtt": Array [
                    "pipelinePipelineArtifactsBucketC2CD5B5E",
                    "Arn",
                  ],
                },
                Object {
                  "Fn::Join": Array [
                    "",
                    Array [
                      Object {
                        "Fn::GetAtt": Array [
                          "pipelinePipelineArtifactsBucketC2CD5B5E",
                          "Arn",
                        ],
                      },
                      "/*",
                    ],
                  ],
                },
              ],
            },
            Object {
              "Action": Array [
                "kms:Decrypt",
                "kms:DescribeKey",
              ],
              "Effect": "Allow",
              "Resource": Object {
                "Fn::GetAtt": Array [
                  "pipelinePipelineArtifactsBucketEncryptionKey56EE9D50",
                  "Arn",
                ],
              },
            },
            Object {
              "Action": "*",
              "Effect": "Allow",
              "Resource": "*",
            },
          ],
          "Version": "2012-10-17",
        },
        "PolicyName": "pipelinePipelineesbProductionesbIamPrepareRoleDefaultPolicyBB3FCBDE",
        "Roles": Array [
          Object {
            "Ref": "pipelinePipelineesbProductionesbIamPrepareRoleA6BE7FA9",
          },
        ],
      },
      "Type": "AWS::IAM::Policy",
    },
    "pipelineUpdatePipelineSelfMutation14A96D2F": Object {
      "Properties": Object {
        "Artifacts": Object {
          "Type": "CODEPIPELINE",
        },
        "EncryptionKey": Object {
          "Fn::GetAtt": Array [
            "pipelinePipelineArtifactsBucketEncryptionKey56EE9D50",
            "Arn",
          ],
        },
        "Environment": Object {
          "ComputeType": "BUILD_GENERAL1_SMALL",
          "Image": "aws/codebuild/standard:5.0",
          "ImagePullCredentialsType": "CODEBUILD",
          "PrivilegedMode": false,
          "Type": "LINUX_CONTAINER",
        },
        "Name": "esb-pipeline-selfupdate",
        "ServiceRole": Object {
          "Fn::GetAtt": Array [
            "pipelineUpdatePipelineSelfMutationRole91820177",
            "Arn",
          ],
        },
        "Source": Object {
          "BuildSpec": "{
  \\"version\\": \\"0.2\\",
  \\"phases\\": {
    \\"install\\": {
      \\"commands\\": [
        \\"npm install -g aws-cdk\\"
      ]
    },
    \\"build\\": {
      \\"commands\\": [
        \\"cdk -a . deploy test --require-approval=never --verbose\\"
      ]
    }
  }
}",
          "Type": "CODEPIPELINE",
        },
        "Tags": Array [
          Object {
            "Key": "cdkManaged",
            "Value": "yes",
          },
          Object {
            "Key": "project",
            "Value": "esb",
          },
        ],
      },
      "Type": "AWS::CodeBuild::Project",
    },
    "pipelineUpdatePipelineSelfMutationRole91820177": Object {
      "Properties": Object {
        "AssumeRolePolicyDocument": Object {
          "Statement": Array [
            Object {
              "Action": "sts:AssumeRole",
              "Effect": "Allow",
              "Principal": Object {
                "Service": "codebuild.amazonaws.com",
              },
            },
          ],
          "Version": "2012-10-17",
        },
        "Tags": Array [
          Object {
            "Key": "cdkManaged",
            "Value": "yes",
          },
          Object {
            "Key": "project",
            "Value": "esb",
          },
        ],
      },
      "Type": "AWS::IAM::Role",
    },
    "pipelineUpdatePipelineSelfMutationRoleDefaultPolicy095404B8": Object {
      "Properties": Object {
        "PolicyDocument": Object {
          "Statement": Array [
            Object {
              "Action": Array [
                "logs:CreateLogGroup",
                "logs:CreateLogStream",
                "logs:PutLogEvents",
              ],
              "Effect": "Allow",
              "Resource": Array [
                Object {
                  "Fn::Join": Array [
                    "",
                    Array [
                      "arn:",
                      Object {
                        "Ref": "AWS::Partition",
                      },
                      ":logs:eu-west-1:418648875085:log-group:/aws/codebuild/",
                      Object {
                        "Ref": "pipelineUpdatePipelineSelfMutation14A96D2F",
                      },
                    ],
                  ],
                },
                Object {
                  "Fn::Join": Array [
                    "",
                    Array [
                      "arn:",
                      Object {
                        "Ref": "AWS::Partition",
                      },
                      ":logs:eu-west-1:418648875085:log-group:/aws/codebuild/",
                      Object {
                        "Ref": "pipelineUpdatePipelineSelfMutation14A96D2F",
                      },
                      ":*",
                    ],
                  ],
                },
              ],
            },
            Object {
              "Action": Array [
                "codebuild:CreateReportGroup",
                "codebuild:CreateReport",
                "codebuild:UpdateReport",
                "codebuild:BatchPutTestCases",
                "codebuild:BatchPutCodeCoverages",
              ],
              "Effect": "Allow",
              "Resource": Object {
                "Fn::Join": Array [
                  "",
                  Array [
                    "arn:",
                    Object {
                      "Ref": "AWS::Partition",
                    },
                    ":codebuild:eu-west-1:418648875085:report-group/",
                    Object {
                      "Ref": "pipelineUpdatePipelineSelfMutation14A96D2F",
                    },
                    "-*",
                  ],
                ],
              },
            },
            Object {
              "Action": "sts:AssumeRole",
              "Condition": Object {
                "ForAnyValue:StringEquals": Object {
                  "iam:ResourceTag/aws-cdk:bootstrap-role": Array [
                    "image-publishing",
                    "file-publishing",
                    "deploy",
                  ],
                },
              },
              "Effect": "Allow",
              "Resource": "arn:*:iam::418648875085:role/*",
            },
            Object {
              "Action": "cloudformation:DescribeStacks",
              "Effect": "Allow",
              "Resource": "*",
            },
            Object {
              "Action": "s3:ListBucket",
              "Effect": "Allow",
              "Resource": "*",
            },
            Object {
              "Action": Array [
                "s3:GetObject*",
                "s3:GetBucket*",
                "s3:List*",
              ],
              "Effect": "Allow",
              "Resource": Array [
                Object {
                  "Fn::GetAtt": Array [
                    "pipelinePipelineArtifactsBucketC2CD5B5E",
                    "Arn",
                  ],
                },
                Object {
                  "Fn::Join": Array [
                    "",
                    Array [
                      Object {
                        "Fn::GetAtt": Array [
                          "pipelinePipelineArtifactsBucketC2CD5B5E",
                          "Arn",
                        ],
                      },
                      "/*",
                    ],
                  ],
                },
              ],
            },
            Object {
              "Action": Array [
                "kms:Decrypt",
                "kms:DescribeKey",
              ],
              "Effect": "Allow",
              "Resource": Object {
                "Fn::GetAtt": Array [
                  "pipelinePipelineArtifactsBucketEncryptionKey56EE9D50",
                  "Arn",
                ],
              },
            },
            Object {
              "Action": Array [
                "kms:Decrypt",
                "kms:Encrypt",
                "kms:ReEncrypt*",
                "kms:GenerateDataKey*",
              ],
              "Effect": "Allow",
              "Resource": Object {
                "Fn::GetAtt": Array [
                  "pipelinePipelineArtifactsBucketEncryptionKey56EE9D50",
                  "Arn",
                ],
              },
            },
          ],
          "Version": "2012-10-17",
        },
        "PolicyName": "pipelineUpdatePipelineSelfMutationRoleDefaultPolicy095404B8",
        "Roles": Array [
          Object {
            "Ref": "pipelineUpdatePipelineSelfMutationRole91820177",
          },
        ],
      },
      "Type": "AWS::IAM::Policy",
    },
  },
}
`;
